// Jest Snapshot v1, https://goo.gl/fbAQLP

exports[`SafeStorage Use native localStorage 1`] = `
Object {
  "errorMessage": "Looks like you've disabled \\"localStorage\\". Enable it to avoid this warning.",
}
`;
